2025-03-09 13:52:13.355 [restartedMain] INFO  o.s.c.c.c.ConfigServerConfigDataLoader - Fetching config from server at : http://ms_config_server:8888
2025-03-09 13:52:13.359 [restartedMain] INFO  o.s.c.c.c.ConfigServerConfigDataLoader - Exception on Url - http://ms_config_server:8888:org.springframework.web.client.ResourceAccessException: I/O error on GET request for "http://ms_config_server:8888/Notification%20Manager%20Service/default": ms_config_server. Will be trying the next url if available
2025-03-09 13:52:13.359 [restartedMain] INFO  o.s.c.c.c.ConfigServerConfigDataLoader - Fetching config from server at : http://ms_config_server:8888
2025-03-09 13:52:13.359 [restartedMain] INFO  o.s.c.c.c.ConfigServerConfigDataLoader - Exception on Url - http://ms_config_server:8888:org.springframework.web.client.ResourceAccessException: I/O error on GET request for "http://ms_config_server:8888/Notification%20Manager%20Service/default": ms_config_server. Will be trying the next url if available
2025-03-09 13:52:13.359 [restartedMain] INFO  o.s.c.c.c.ConfigServerConfigDataLoader - Fetching config from server at : http://ms_config_server:8888
2025-03-09 13:52:13.360 [restartedMain] INFO  o.s.c.c.c.ConfigServerConfigDataLoader - Exception on Url - http://ms_config_server:8888:org.springframework.web.client.ResourceAccessException: I/O error on GET request for "http://ms_config_server:8888/Notification%20Manager%20Service/default": ms_config_server. Will be trying the next url if available
2025-03-09 13:52:13.360 [restartedMain] INFO  o.s.c.c.c.ConfigServerConfigDataLoader - Fetching config from server at : http://ms_config_server:8888
2025-03-09 13:52:13.360 [restartedMain] INFO  o.s.c.c.c.ConfigServerConfigDataLoader - Exception on Url - http://ms_config_server:8888:org.springframework.web.client.ResourceAccessException: I/O error on GET request for "http://ms_config_server:8888/Notification%20Manager%20Service/default": ms_config_server. Will be trying the next url if available
2025-03-09 13:52:13.360 [restartedMain] INFO  o.s.c.c.c.ConfigServerConfigDataLoader - Fetching config from server at : http://ms_config_server:8888
2025-03-09 13:52:13.360 [restartedMain] INFO  o.s.c.c.c.ConfigServerConfigDataLoader - Exception on Url - http://ms_config_server:8888:org.springframework.web.client.ResourceAccessException: I/O error on GET request for "http://ms_config_server:8888/Notification%20Manager%20Service/default": ms_config_server. Will be trying the next url if available
2025-03-09 13:52:13.360 [restartedMain] INFO  o.s.c.c.c.ConfigServerConfigDataLoader - Fetching config from server at : http://ms_config_server:8888
2025-03-09 13:52:13.360 [restartedMain] INFO  o.s.c.c.c.ConfigServerConfigDataLoader - Exception on Url - http://ms_config_server:8888:org.springframework.web.client.ResourceAccessException: I/O error on GET request for "http://ms_config_server:8888/Notification%20Manager%20Service/default": ms_config_server. Will be trying the next url if available
2025-03-09 13:52:13.360 [restartedMain] INFO  o.s.c.c.c.ConfigServerConfigDataLoader - Fetching config from server at : http://ms_config_server:8888
2025-03-09 13:52:13.360 [restartedMain] INFO  o.s.c.c.c.ConfigServerConfigDataLoader - Exception on Url - http://ms_config_server:8888:org.springframework.web.client.ResourceAccessException: I/O error on GET request for "http://ms_config_server:8888/Notification%20Manager%20Service/default": ms_config_server. Will be trying the next url if available
2025-03-09 13:52:13.360 [restartedMain] INFO  o.s.c.c.c.ConfigServerConfigDataLoader - Fetching config from server at : http://ms_config_server:8888
2025-03-09 13:52:13.360 [restartedMain] INFO  o.s.c.c.c.ConfigServerConfigDataLoader - Exception on Url - http://ms_config_server:8888:org.springframework.web.client.ResourceAccessException: I/O error on GET request for "http://ms_config_server:8888/Notification%20Manager%20Service/default": ms_config_server. Will be trying the next url if available
2025-03-09 13:52:13.360 [restartedMain] INFO  o.s.c.c.c.ConfigServerConfigDataLoader - Fetching config from server at : http://ms_config_server:8888
2025-03-09 13:52:13.360 [restartedMain] INFO  o.s.c.c.c.ConfigServerConfigDataLoader - Exception on Url - http://ms_config_server:8888:org.springframework.web.client.ResourceAccessException: I/O error on GET request for "http://ms_config_server:8888/Notification%20Manager%20Service/default": ms_config_server. Will be trying the next url if available
2025-03-09 13:52:13.360 [restartedMain] INFO  o.s.c.c.c.ConfigServerConfigDataLoader - Fetching config from server at : http://ms_config_server:8888
2025-03-09 13:52:13.360 [restartedMain] INFO  o.s.c.c.c.ConfigServerConfigDataLoader - Exception on Url - http://ms_config_server:8888:org.springframework.web.client.ResourceAccessException: I/O error on GET request for "http://ms_config_server:8888/Notification%20Manager%20Service/default": ms_config_server. Will be trying the next url if available
2025-03-09 13:52:13.361 [restartedMain] INFO  o.s.c.c.c.ConfigServerConfigDataLoader - Fetching config from server at : http://ms_config_server:8888
2025-03-09 13:52:13.361 [restartedMain] INFO  o.s.c.c.c.ConfigServerConfigDataLoader - Exception on Url - http://ms_config_server:8888:org.springframework.web.client.ResourceAccessException: I/O error on GET request for "http://ms_config_server:8888/Notification%20Manager%20Service/default": ms_config_server. Will be trying the next url if available
2025-03-09 13:52:13.361 [restartedMain] INFO  o.s.c.c.c.ConfigServerConfigDataLoader - Fetching config from server at : http://ms_config_server:8888
2025-03-09 13:52:13.361 [restartedMain] INFO  o.s.c.c.c.ConfigServerConfigDataLoader - Exception on Url - http://ms_config_server:8888:org.springframework.web.client.ResourceAccessException: I/O error on GET request for "http://ms_config_server:8888/Notification%20Manager%20Service/default": ms_config_server. Will be trying the next url if available
2025-03-09 13:52:13.361 [restartedMain] INFO  o.s.c.c.c.ConfigServerConfigDataLoader - Fetching config from server at : http://ms_config_server:8888
2025-03-09 13:52:13.361 [restartedMain] INFO  o.s.c.c.c.ConfigServerConfigDataLoader - Exception on Url - http://ms_config_server:8888:org.springframework.web.client.ResourceAccessException: I/O error on GET request for "http://ms_config_server:8888/Notification%20Manager%20Service/default": ms_config_server. Will be trying the next url if available
2025-03-09 13:52:13.361 [restartedMain] INFO  o.s.c.c.c.ConfigServerConfigDataLoader - Fetching config from server at : http://ms_config_server:8888
2025-03-09 13:52:13.361 [restartedMain] INFO  o.s.c.c.c.ConfigServerConfigDataLoader - Exception on Url - http://ms_config_server:8888:org.springframework.web.client.ResourceAccessException: I/O error on GET request for "http://ms_config_server:8888/Notification%20Manager%20Service/default": ms_config_server. Will be trying the next url if available
2025-03-09 13:52:13.361 [restartedMain] INFO  o.s.c.c.c.ConfigServerConfigDataLoader - Fetching config from server at : http://ms_config_server:8888
2025-03-09 13:52:13.361 [restartedMain] INFO  o.s.c.c.c.ConfigServerConfigDataLoader - Exception on Url - http://ms_config_server:8888:org.springframework.web.client.ResourceAccessException: I/O error on GET request for "http://ms_config_server:8888/Notification%20Manager%20Service/default": ms_config_server. Will be trying the next url if available
2025-03-09 13:52:13.361 [restartedMain] INFO  o.s.c.c.c.ConfigServerConfigDataLoader - Fetching config from server at : http://ms_config_server:8888
2025-03-09 13:52:13.361 [restartedMain] INFO  o.s.c.c.c.ConfigServerConfigDataLoader - Exception on Url - http://ms_config_server:8888:org.springframework.web.client.ResourceAccessException: I/O error on GET request for "http://ms_config_server:8888/Notification%20Manager%20Service/default": ms_config_server. Will be trying the next url if available
2025-03-09 13:52:13.361 [restartedMain] INFO  o.s.c.c.c.ConfigServerConfigDataLoader - Fetching config from server at : http://ms_config_server:8888
2025-03-09 13:52:13.361 [restartedMain] INFO  o.s.c.c.c.ConfigServerConfigDataLoader - Exception on Url - http://ms_config_server:8888:org.springframework.web.client.ResourceAccessException: I/O error on GET request for "http://ms_config_server:8888/Notification%20Manager%20Service/default": ms_config_server. Will be trying the next url if available
2025-03-09 13:52:13.362 [restartedMain] INFO  o.s.c.c.c.ConfigServerConfigDataLoader - Fetching config from server at : http://ms_config_server:8888
2025-03-09 13:52:13.362 [restartedMain] INFO  o.s.c.c.c.ConfigServerConfigDataLoader - Exception on Url - http://ms_config_server:8888:org.springframework.web.client.ResourceAccessException: I/O error on GET request for "http://ms_config_server:8888/Notification%20Manager%20Service/default": ms_config_server. Will be trying the next url if available
2025-03-09 13:52:13.362 [restartedMain] INFO  o.s.c.c.c.ConfigServerConfigDataLoader - Fetching config from server at : http://ms_config_server:8888
2025-03-09 13:52:13.362 [restartedMain] INFO  o.s.c.c.c.ConfigServerConfigDataLoader - Exception on Url - http://ms_config_server:8888:org.springframework.web.client.ResourceAccessException: I/O error on GET request for "http://ms_config_server:8888/Notification%20Manager%20Service/default": ms_config_server. Will be trying the next url if available
2025-03-09 13:52:13.362 [restartedMain] INFO  o.s.c.c.c.ConfigServerConfigDataLoader - Fetching config from server at : http://ms_config_server:8888
2025-03-09 13:52:13.362 [restartedMain] INFO  o.s.c.c.c.ConfigServerConfigDataLoader - Exception on Url - http://ms_config_server:8888:org.springframework.web.client.ResourceAccessException: I/O error on GET request for "http://ms_config_server:8888/Notification%20Manager%20Service/default": ms_config_server. Will be trying the next url if available
2025-03-09 13:52:13.383 [restartedMain] ERROR o.s.boot.SpringApplication - Application run failed
org.springframework.cloud.config.client.ConfigClientFailFastException: Could not locate PropertySource and the fail fast property is set, failing
	at org.springframework.cloud.config.client.ConfigServerConfigDataLoader.doLoad(ConfigServerConfigDataLoader.java:201)
	at org.springframework.cloud.config.client.ConfigClientRetryBootstrapper.lambda$initialize$0(ConfigClientRetryBootstrapper.java:51)
	at org.springframework.retry.support.RetryTemplate.doExecute(RetryTemplate.java:335)
	at org.springframework.retry.support.RetryTemplate.execute(RetryTemplate.java:211)
	at org.springframework.cloud.config.client.ConfigClientRetryBootstrapper.lambda$initialize$1(ConfigClientRetryBootstrapper.java:47)
	at org.springframework.cloud.config.client.ConfigServerConfigDataLoader.load(ConfigServerConfigDataLoader.java:92)
	at org.springframework.cloud.config.client.ConfigServerConfigDataLoader.load(ConfigServerConfigDataLoader.java:61)
	at org.springframework.boot.context.config.ConfigDataLoaders.load(ConfigDataLoaders.java:96)
	at org.springframework.boot.context.config.ConfigDataImporter.load(ConfigDataImporter.java:132)
	at org.springframework.boot.context.config.ConfigDataImporter.resolveAndLoad(ConfigDataImporter.java:87)
	at org.springframework.boot.context.config.ConfigDataEnvironmentContributors.withProcessedImports(ConfigDataEnvironmentContributors.java:115)
	at org.springframework.boot.context.config.ConfigDataEnvironment.processInitial(ConfigDataEnvironment.java:242)
	at org.springframework.boot.context.config.ConfigDataEnvironment.processAndApply(ConfigDataEnvironment.java:229)
	at org.springframework.boot.context.config.ConfigDataEnvironmentPostProcessor.postProcessEnvironment(ConfigDataEnvironmentPostProcessor.java:96)
	at org.springframework.boot.context.config.ConfigDataEnvironmentPostProcessor.postProcessEnvironment(ConfigDataEnvironmentPostProcessor.java:89)
	at org.springframework.boot.env.EnvironmentPostProcessorApplicationListener.onApplicationEnvironmentPreparedEvent(EnvironmentPostProcessorApplicationListener.java:109)
	at org.springframework.boot.env.EnvironmentPostProcessorApplicationListener.onApplicationEvent(EnvironmentPostProcessorApplicationListener.java:94)
	at org.springframework.context.event.SimpleApplicationEventMulticaster.doInvokeListener(SimpleApplicationEventMulticaster.java:185)
	at org.springframework.context.event.SimpleApplicationEventMulticaster.invokeListener(SimpleApplicationEventMulticaster.java:178)
	at org.springframework.context.event.SimpleApplicationEventMulticaster.multicastEvent(SimpleApplicationEventMulticaster.java:156)
	at org.springframework.context.event.SimpleApplicationEventMulticaster.multicastEvent(SimpleApplicationEventMulticaster.java:138)
	at org.springframework.boot.context.event.EventPublishingRunListener.multicastInitialEvent(EventPublishingRunListener.java:136)
	at org.springframework.boot.context.event.EventPublishingRunListener.environmentPrepared(EventPublishingRunListener.java:81)
	at org.springframework.boot.SpringApplicationRunListeners.lambda$environmentPrepared$2(SpringApplicationRunListeners.java:64)
	at java.base/java.lang.Iterable.forEach(Iterable.java:75)
	at org.springframework.boot.SpringApplicationRunListeners.doWithListeners(SpringApplicationRunListeners.java:118)
	at org.springframework.boot.SpringApplicationRunListeners.doWithListeners(SpringApplicationRunListeners.java:112)
	at org.springframework.boot.SpringApplicationRunListeners.environmentPrepared(SpringApplicationRunListeners.java:63)
	at org.springframework.boot.SpringApplication.prepareEnvironment(SpringApplication.java:369)
	at org.springframework.boot.SpringApplication.run(SpringApplication.java:329)
	at org.springframework.boot.SpringApplication.run(SpringApplication.java:1354)
	at org.springframework.boot.SpringApplication.run(SpringApplication.java:1343)
	at com.winseslas.microservices.bookStore.NotificationManager.NotificationManagerApplication.main(NotificationManagerApplication.java:10)
	at java.base/jdk.internal.reflect.NativeMethodAccessorImpl.invoke0(Native Method)
	at java.base/jdk.internal.reflect.NativeMethodAccessorImpl.invoke(NativeMethodAccessorImpl.java:77)
	at java.base/jdk.internal.reflect.DelegatingMethodAccessorImpl.invoke(DelegatingMethodAccessorImpl.java:43)
	at java.base/java.lang.reflect.Method.invoke(Method.java:568)
	at org.springframework.boot.devtools.restart.RestartLauncher.run(RestartLauncher.java:50)
Caused by: org.springframework.web.client.ResourceAccessException: I/O error on GET request for "http://ms_config_server:8888/Notification%20Manager%20Service/default": ms_config_server
	at org.springframework.web.client.RestTemplate.createResourceAccessException(RestTemplate.java:915)
	at org.springframework.web.client.RestTemplate.doExecute(RestTemplate.java:895)
	at org.springframework.web.client.RestTemplate.execute(RestTemplate.java:790)
	at org.springframework.web.client.RestTemplate.exchange(RestTemplate.java:672)
	at org.springframework.cloud.config.client.ConfigServerConfigDataLoader.getRemoteEnvironment(ConfigServerConfigDataLoader.java:330)
	at org.springframework.cloud.config.client.ConfigServerConfigDataLoader.doLoad(ConfigServerConfigDataLoader.java:119)
	... 37 common frames omitted
Caused by: java.net.UnknownHostException: ms_config_server
	at java.base/sun.nio.ch.NioSocketImpl.connect(NioSocketImpl.java:567)
	at java.base/java.net.Socket.connect(Socket.java:633)
	at java.base/sun.net.NetworkClient.doConnect(NetworkClient.java:178)
	at java.base/sun.net.www.http.HttpClient.openServer(HttpClient.java:532)
	at java.base/sun.net.www.http.HttpClient.openServer(HttpClient.java:637)
	at java.base/sun.net.www.http.HttpClient.<init>(HttpClient.java:280)
	at java.base/sun.net.www.http.HttpClient.New(HttpClient.java:385)
	at java.base/sun.net.www.http.HttpClient.New(HttpClient.java:407)
	at java.base/sun.net.www.protocol.http.HttpURLConnection.getNewHttpClient(HttpURLConnection.java:1309)
	at java.base/sun.net.www.protocol.http.HttpURLConnection.plainConnect0(HttpURLConnection.java:1242)
	at java.base/sun.net.www.protocol.http.HttpURLConnection.plainConnect(HttpURLConnection.java:1128)
	at java.base/sun.net.www.protocol.http.HttpURLConnection.connect(HttpURLConnection.java:1057)
	at org.springframework.http.client.SimpleClientHttpRequest.executeInternal(SimpleClientHttpRequest.java:79)
	at org.springframework.http.client.AbstractStreamingClientHttpRequest.executeInternal(AbstractStreamingClientHttpRequest.java:70)
	at org.springframework.http.client.AbstractClientHttpRequest.execute(AbstractClientHttpRequest.java:66)
	at org.springframework.web.client.RestTemplate.doExecute(RestTemplate.java:889)
	... 41 common frames omitted
